Microsoft (R) Macro Assembler Version 14.00.24210.0	    07/05/17 11:42:13
Week 2 Assignment 3.asm					     Page 1 - 1


				;Week 2 Assignment 3
				;Rian Booyer
				;CISS 360 ADE
				COMMENT ~
				3. Data Definitions
				Write a program that contains a definition of each data type listed in Table 3-2 in Section 3.4.
				Initialize each variable to a value that is consistent with its data type.
				~

				;INCLUDE Irvine32.inc
				.386
				.model flat,stdcall
				.stack 4096
				ExitProcess PROTO, dwExitCode:DWORD



 00000000			.data

 00000000 EA			myByte BYTE 234					;0 to 255
 00000001 88			mySbyte SBYTE -120					;-128 to 127
 00000002 FFFC			myWord WORD 65532					;0 - 65535
 00000004 A9FC			mySword SWORD -22020				; -32,768 to 32,767
 00000006 FA56EA00		myDword DWORD 4200000000				;0 to 4294967295 
 0000000A 82D48B00		mySdword SDWORD -2100000000			;-2147483648 to 2147483647
 0000000E 1C1162072205		myFword FWORD 1C1162072205h			;48 bit - 2E+48
 00000014			myQword QWORD 6A82111EB7C20A95h		;64 bit - 2E+64
	   6A82111EB7C20A95
 0000001C			myTbyte TBYTE 0EB211111111118B0F400h	; 80 bit - 2E+80
	   EB211111111118B0F400
 00000026 BFAB851F		myReal4 REAL4 -1.34					;32 bit (4 byte) IEEE short real
 0000002A			myReal8 REAL8 4.3E-10				; 64-bit (8 byte) IEEE long real
	   3DFD8CA3D6FB1F29
 00000032			myReal10 REAL10 4.1E+4096			;80-bit (10 byte) IEEE extended real
	   7527C94920DC33FB01CB


 00000000			.code
 00000000			main proc
 00000000  A0 00000000 R		mov al,myByte
 00000005  A0 00000001 R		mov al,mySbyte
 0000000A  66| A1			mov ax,myWord
	   00000002 R
 00000010  66| A1			mov ax,mySword
	   00000004 R
 00000016  A1 00000006 R		mov eax,myDword
 0000001B  A1 0000000A R		mov eax,mySdword
 00000020  A1 00000026 R		mov eax,myReal4
					;don't know yet how to deal with numbers bigger than 32 bit i know they have to be split into upper or lower or multiple 32 bit
									
					INVOKE ExitProcess,0
 0000002C			main endp
				end main
Microsoft (R) Macro Assembler Version 14.00.24210.0	    07/05/17 11:42:13
Week 2 Assignment 3.asm					     Symbols 2 - 1




Segments and Groups:

                N a m e                 Size     Length   Align   Combine Class

FLAT . . . . . . . . . . . . . .	GROUP
STACK  . . . . . . . . . . . . .	32 Bit	 00001000 DWord	  Stack	  'STACK'	 
_DATA  . . . . . . . . . . . . .	32 Bit	 0000003C DWord	  Public  'DATA'	
_TEXT  . . . . . . . . . . . . .	32 Bit	 0000002C DWord	  Public  'CODE'	


Procedures, parameters, and locals:

                N a m e                 Type     Value    Attr

ExitProcess  . . . . . . . . . .	P Near	 00000000 FLAT	Length= 00000000 External STDCALL
main . . . . . . . . . . . . . .	P Near	 00000000 _TEXT	Length= 0000002C Public STDCALL


Symbols:

                N a m e                 Type     Value    Attr

@CodeSize  . . . . . . . . . . .	Number	 00000000h   
@DataSize  . . . . . . . . . . .	Number	 00000000h   
@Interface . . . . . . . . . . .	Number	 00000003h   
@Model . . . . . . . . . . . . .	Number	 00000007h   
@code  . . . . . . . . . . . . .	Text   	 _TEXT
@data  . . . . . . . . . . . . .	Text   	 FLAT
@fardata?  . . . . . . . . . . .	Text   	 FLAT
@fardata . . . . . . . . . . . .	Text   	 FLAT
@stack . . . . . . . . . . . . .	Text   	 FLAT
myByte . . . . . . . . . . . . .	Byte	 00000000 _DATA	
myDword  . . . . . . . . . . . .	DWord	 00000006 _DATA	
myFword  . . . . . . . . . . . .	FWord	 0000000E _DATA	
myQword  . . . . . . . . . . . .	QWord	 00000014 _DATA	
myReal10 . . . . . . . . . . . .	TByte	 00000032 _DATA	
myReal4  . . . . . . . . . . . .	DWord	 00000026 _DATA	
myReal8  . . . . . . . . . . . .	QWord	 0000002A _DATA	
mySbyte  . . . . . . . . . . . .	Byte	 00000001 _DATA	
mySdword . . . . . . . . . . . .	DWord	 0000000A _DATA	
mySword  . . . . . . . . . . . .	Word	 00000004 _DATA	
myTbyte  . . . . . . . . . . . .	TByte	 0000001C _DATA	
myWord . . . . . . . . . . . . .	Word	 00000002 _DATA	

	   0 Warnings
	   0 Errors
